
*********** AST ************

Line : (1) Top Tree Declaration  Child Count =  1 Type = Top Tree
 ,  Line : (1) Dart Variable Declaration:  parent: TopTreeDeclaration Child Count =  1 Type = object
Line : (1) Function name: main functionType: void parameters: null functionBody: Line : (1) FunctionBody{statementList=Line : (3) Dart Variable Declaration:  parent: Statement Child Count =  1 Type = object
Line : (3) String Declaration Line: Number of declarations on this line: 3Number of assignments on this line: 3 parent: Variable Child Count =  10 Type = variable declaration line (type string)
 Line : (4) Double Assignment: z parent: Assignment Child Count =  4 Type = variable assignment (type string)
value: "3" col=0 type='Function' childCount=0 parent='null'} parent: 'null Child Count =  5 Type = function

*********** SYMBOL TABLE ************

Global Scope (0)
Function Scope main (1) Parent Is Global Scope (0)

Identifier x, Type string, Value : "4" , Scope Function Scope main (1)
Identifier t, Type string, Value : "2" , Scope Function Scope main (1)
Identifier g, Type string, Value : , Scope Function Scope main (1)
Identifier h, Type string, Value : , Scope Function Scope main (1)
Identifier z, Type string, Value : "1" , Scope Function Scope main (1)
Identifier z, Type string, Value :"3" Scope Function Scope main (1)
